// Vitest Snapshot v1, https://vitest.dev/guide/snapshot.html

exports[`renders correctly 1`] = `
<div>
  <div
    class="undefined diorama-browser "
  >
    <header>
      <div>
        <span />
        <span />
        <span />
      </div>
      <input
        disabled=""
        type="text"
        value="https://sambego.be"
      />
    </header>
    <iframe
      frameborder="0"
      src="https://sambego.be"
      title="preview browser"
    />
  </div>
</div>
`;
