// Jest Snapshot v1, https://goo.gl/fbAQLP

exports[`renders correctly 1`] = `
<div
  className="browser diorama-browser "
  style={Object {}}
>
  <header
    className="header"
  >
    <div
      className="traffic"
    >
      <span
        className="red"
      />
      <span
        className="yellow"
      />
      <span
        className="green"
      />
    </div>
    <input
      className="address"
      disabled={true}
      type="text"
      value="https://sambego.be"
    />
  </header>
  <iframe
    className="iframe"
    frameBorder="0"
    src="https://sambego.be"
    title="preview browser"
  />
</div>
`;
