// Vitest Snapshot v1, https://vitest.dev/guide/snapshot.html

exports[`renders correctly 1`] = `
<div>
  <div
    class="undefined diorama-columns"
  >
    <div
      class="undefined diorama-column  "
      style="max-width: 50%;"
    >
      Column 1
    </div>
    <div
      class="undefined diorama-column  "
      style="max-width: 50%;"
    >
      Column 2
    </div>
  </div>
</div>
`;
