// Jest Snapshot v1, https://goo.gl/fbAQLP

exports[`renders correctly 1`] = `
<div
  className="columns diorama-columns"
>
  <div
    className="column diorama-column"
    style={
      Object {
        "maxWidth": "NaN%",
      }
    }
  >
    Column 1
  </div>
  <div
    className="column diorama-column"
    style={
      Object {
        "maxWidth": "NaN%",
      }
    }
  >
    Column 2
  </div>
</div>
`;
