// Vitest Snapshot v1, https://vitest.dev/guide/snapshot.html

exports[`renders correctly 1`] = `
<div>
  <div
    class="diorama-swipe-container undefined"
  >
    <div
      class="diorama diorama-deck undefined "
    >
      <div
        index="0"
      >
        Slide 1
      </div>
    </div>
  </div>
</div>
`;
