// Jest Snapshot v1, https://goo.gl/fbAQLP

exports[`renders correctly 1`] = `
<ul
  className="list diorama-list diorama-list-unordered "
  style={Object {}}
>
  <li
    className="item diorama-list-item"
  >
    one
  </li>
  <li
    className="item diorama-list-item"
  >
    two
  </li>
</ul>
`;
