// Vitest Snapshot v1, https://vitest.dev/guide/snapshot.html

exports[`renders correctly 1`] = `
<div>
  <nav
    class="undefined diorama-navigation "
  >
    <ul>
      <li>
        <button
          class="undefined diorama-previous"
          type="button"
        >
          Previous
        </button>
      </li>
      <li>
        <button
          class="undefined diorama-next"
          type="button"
        >
          Next
        </button>
      </li>
    </ul>
  </nav>
</div>
`;
