// Jest Snapshot v1, https://goo.gl/fbAQLP

exports[`renders correctly 1`] = `
<div
  className="slide diorama-slide "
  style={Object {}}
>
  <div
    className="diorama-content content"
    style={
      Object {
        "transform": "scale(1)",
      }
    }
  >
    Slide content
  </div>
</div>
`;
